Archive member included because of file (symbol)

c:/winavr-20100110/bin/../lib/gcc/avr/4.3.3/avr5\libgcc.a(_udivmodsi4.o)
                              ./MCAL/UART/UART.o (__udivmodsi4)
c:/winavr-20100110/bin/../lib/gcc/avr/4.3.3/avr5\libgcc.a(_exit.o)
                              c:/winavr-20100110/bin/../lib/gcc/avr/4.3.3/../../../../avr/lib/avr5/crtm16.o (exit)
c:/winavr-20100110/bin/../lib/gcc/avr/4.3.3/avr5\libgcc.a(_copy_data.o)
                              ./MCAL/UART/UART.o (__do_copy_data)
c:/winavr-20100110/bin/../lib/gcc/avr/4.3.3/avr5\libgcc.a(_clear_bss.o)
                              ./SERVICE/ICU/ICU.o (__do_clear_bss)
c:/winavr-20100110/bin/../lib/gcc/avr/4.3.3/avr5\libgcc.a(_fixunssfsi.o)
                              ./MCAL/FAST_PWM/PWM.o (__fixunssfsi)
c:/winavr-20100110/bin/../lib/gcc/avr/4.3.3/avr5\libgcc.a(_addsub_sf.o)
                              c:/winavr-20100110/bin/../lib/gcc/avr/4.3.3/avr5\libgcc.a(_fixunssfsi.o) (__subsf3)
c:/winavr-20100110/bin/../lib/gcc/avr/4.3.3/avr5\libgcc.a(_mul_sf.o)
                              ./MCAL/FAST_PWM/PWM.o (__mulsf3)
c:/winavr-20100110/bin/../lib/gcc/avr/4.3.3/avr5\libgcc.a(_div_sf.o)
                              ./MCAL/FAST_PWM/PWM.o (__divsf3)
c:/winavr-20100110/bin/../lib/gcc/avr/4.3.3/avr5\libgcc.a(_gt_sf.o)
                              ./HAL/Ultrasonic/ultrasonic.o (__gtsf2)
c:/winavr-20100110/bin/../lib/gcc/avr/4.3.3/avr5\libgcc.a(_ge_sf.o)
                              c:/winavr-20100110/bin/../lib/gcc/avr/4.3.3/avr5\libgcc.a(_fixunssfsi.o) (__gesf2)
c:/winavr-20100110/bin/../lib/gcc/avr/4.3.3/avr5\libgcc.a(_lt_sf.o)
                              ./HAL/Ultrasonic/ultrasonic.o (__ltsf2)
c:/winavr-20100110/bin/../lib/gcc/avr/4.3.3/avr5\libgcc.a(_sf_to_si.o)
                              c:/winavr-20100110/bin/../lib/gcc/avr/4.3.3/avr5\libgcc.a(_fixunssfsi.o) (__fixsfsi)
c:/winavr-20100110/bin/../lib/gcc/avr/4.3.3/avr5\libgcc.a(_thenan_sf.o)
                              c:/winavr-20100110/bin/../lib/gcc/avr/4.3.3/avr5\libgcc.a(_addsub_sf.o) (__thenan_sf)
c:/winavr-20100110/bin/../lib/gcc/avr/4.3.3/avr5\libgcc.a(_usi_to_sf.o)
                              ./MCAL/FAST_PWM/PWM.o (__floatunsisf)
c:/winavr-20100110/bin/../lib/gcc/avr/4.3.3/avr5\libgcc.a(_prologue.o)
                              c:/winavr-20100110/bin/../lib/gcc/avr/4.3.3/avr5\libgcc.a(_addsub_sf.o) (__prologue_saves__)
c:/winavr-20100110/bin/../lib/gcc/avr/4.3.3/avr5\libgcc.a(_epilogue.o)
                              c:/winavr-20100110/bin/../lib/gcc/avr/4.3.3/avr5\libgcc.a(_addsub_sf.o) (__epilogue_restores__)
c:/winavr-20100110/bin/../lib/gcc/avr/4.3.3/avr5\libgcc.a(_clzsi2.o)
                              c:/winavr-20100110/bin/../lib/gcc/avr/4.3.3/avr5\libgcc.a(_usi_to_sf.o) (__clzsi2)
c:/winavr-20100110/bin/../lib/gcc/avr/4.3.3/avr5\libgcc.a(_pack_sf.o)
                              c:/winavr-20100110/bin/../lib/gcc/avr/4.3.3/avr5\libgcc.a(_addsub_sf.o) (__pack_f)
c:/winavr-20100110/bin/../lib/gcc/avr/4.3.3/avr5\libgcc.a(_unpack_sf.o)
                              c:/winavr-20100110/bin/../lib/gcc/avr/4.3.3/avr5\libgcc.a(_addsub_sf.o) (__unpack_f)
c:/winavr-20100110/bin/../lib/gcc/avr/4.3.3/avr5\libgcc.a(_fpcmp_parts_sf.o)
                              c:/winavr-20100110/bin/../lib/gcc/avr/4.3.3/avr5\libgcc.a(_gt_sf.o) (__fpcmp_parts_f)
c:/winavr-20100110/bin/../lib/gcc/avr/4.3.3/avr5\libgcc.a(_clz.o)
                              c:/winavr-20100110/bin/../lib/gcc/avr/4.3.3/avr5\libgcc.a(_clzsi2.o) (__clz_tab)

Allocating common symbols
Common symbol       size              file

EXTInt_Chan         0x1               ./SERVICE/ICU/ICU.o
UART_Data_Transmit  0x1               ./MCAL/UART/UART.o
motor_speed         0x1               ./main.o
M_confg_s           0x3               ./APP/APP.o
BTN_DEC_confg_s     0x3               ./APP/APP.o
TIMER2_Interrupt_Mode
                    0x1               ./MCAL/TIMER/Timer_interface.o
Timer_confg_s       0x4               ./APP/APP.o
TIMER1_Interrupt_Mode
                    0x1               ./MCAL/TIMER/Timer_interface.o
TIMER2_Psc          0x1               ./MCAL/TIMER/Timer_interface.o
TIMER0_Psc          0x1               ./MCAL/TIMER/Timer_interface.o
US_confg_s          0x4               ./APP/APP.o
BTN_BRK_confg_s     0x3               ./APP/APP.o
APP_Mode            0x1               ./APP/APP.o
ADC_Mode_Buffer     0x1               ./MCAL/ADC/ADC.o
TIMER1_Psc          0x1               ./MCAL/TIMER/Timer_interface.o
UART_FlagAction     0x1               ./MCAL/UART/UART.o
gu16_ADC_reading    0x2               ./MCAL/ADC/ADC.o
TIMER0_Interrupt_Mode
                    0x1               ./MCAL/TIMER/Timer_interface.o
ADC_TriggerMode_Buffer
                    0x1               ./MCAL/ADC/ADC.o
BTN_INC_confg_s     0x3               ./APP/APP.o

Memory Configuration

Name             Origin             Length             Attributes
text             0x00000000         0x00020000         xr
data             0x00800060         0x0000ffa0         rw !x
eeprom           0x00810000         0x00010000         rw !x
fuse             0x00820000         0x00000400         rw !x
lock             0x00830000         0x00000400         rw !x
signature        0x00840000         0x00000400         rw !x
*default*        0x00000000         0xffffffff

Linker script and memory map

LOAD c:/winavr-20100110/bin/../lib/gcc/avr/4.3.3/../../../../avr/lib/avr5/crtm16.o
LOAD ./SERVICE/ICU/ICU.o
LOAD ./MCAL/UART/UART.o
LOAD ./MCAL/TIMER/Timer_interface.o
LOAD ./MCAL/FAST_PWM/PWM.o
LOAD ./MCAL/EXT_INT/interrupt.o
LOAD ./MCAL/DIO/DIO.o
LOAD ./MCAL/ADC/ADC.o
LOAD ./HAL/Ultrasonic/ultrasonic.o
LOAD ./HAL/MOTOR/motor.o
LOAD ./HAL/LCD/DIO.o
LOAD ./HAL/LCD/LCD.o
LOAD ./HAL/BUTTON/button.o
LOAD ./APP/APP.o
LOAD ./main.o
LOAD c:/winavr-20100110/bin/../lib/gcc/avr/4.3.3/avr5\libgcc.a
LOAD c:/winavr-20100110/bin/../lib/gcc/avr/4.3.3/../../../../avr/lib/avr5\libc.a
LOAD c:/winavr-20100110/bin/../lib/gcc/avr/4.3.3/avr5\libgcc.a

.hash
 *(.hash)

.dynsym
 *(.dynsym)

.dynstr
 *(.dynstr)

.gnu.version
 *(.gnu.version)

.gnu.version_d
 *(.gnu.version_d)

.gnu.version_r
 *(.gnu.version_r)

.rel.init
 *(.rel.init)

.rela.init
 *(.rela.init)

.rel.text
 *(.rel.text)
 *(.rel.text.*)
 *(.rel.gnu.linkonce.t*)

.rela.text
 *(.rela.text)
 *(.rela.text.*)
 *(.rela.gnu.linkonce.t*)

.rel.fini
 *(.rel.fini)

.rela.fini
 *(.rela.fini)

.rel.rodata
 *(.rel.rodata)
 *(.rel.rodata.*)
 *(.rel.gnu.linkonce.r*)

.rela.rodata
 *(.rela.rodata)
 *(.rela.rodata.*)
 *(.rela.gnu.linkonce.r*)

.rel.data
 *(.rel.data)
 *(.rel.data.*)
 *(.rel.gnu.linkonce.d*)

.rela.data
 *(.rela.data)
 *(.rela.data.*)
 *(.rela.gnu.linkonce.d*)

.rel.ctors
 *(.rel.ctors)

.rela.ctors
 *(.rela.ctors)

.rel.dtors
 *(.rel.dtors)

.rela.dtors
 *(.rela.dtors)

.rel.got
 *(.rel.got)

.rela.got
 *(.rela.got)

.rel.bss
 *(.rel.bss)

.rela.bss
 *(.rela.bss)

.rel.plt
 *(.rel.plt)

.rela.plt
 *(.rela.plt)

.text           0x00000000     0x5d54
 *(.vectors)
 .vectors       0x00000000       0x54 c:/winavr-20100110/bin/../lib/gcc/avr/4.3.3/../../../../avr/lib/avr5/crtm16.o
                0x00000000                __vectors
                0x00000000                __vector_default
 *(.vectors)
 *(.progmem.gcc*)
 *(.progmem*)
                0x00000054                . = ALIGN (0x2)
                0x00000054                __trampolines_start = .
 *(.trampolines)
 .trampolines   0x00000054        0x0 linker stubs
 *(.trampolines*)
                0x00000054                __trampolines_end = .
 *(.jumptables)
 *(.jumptables*)
 *(.lowtext)
 *(.lowtext*)
                0x00000054                __ctors_start = .
 *(.ctors)
                0x00000054                __ctors_end = .
                0x00000054                __dtors_start = .
 *(.dtors)
                0x00000054                __dtors_end = .
 SORT(*)(.ctors)
 SORT(*)(.dtors)
 *(.init0)
 .init0         0x00000054        0x0 c:/winavr-20100110/bin/../lib/gcc/avr/4.3.3/../../../../avr/lib/avr5/crtm16.o
                0x00000054                __init
 *(.init0)
 *(.init1)
 *(.init1)
 *(.init2)
 .init2         0x00000054        0xc c:/winavr-20100110/bin/../lib/gcc/avr/4.3.3/../../../../avr/lib/avr5/crtm16.o
 *(.init2)
 *(.init3)
 *(.init3)
 *(.init4)
 .init4         0x00000060       0x16 c:/winavr-20100110/bin/../lib/gcc/avr/4.3.3/avr5\libgcc.a(_copy_data.o)
                0x00000060                __do_copy_data
 .init4         0x00000076       0x10 c:/winavr-20100110/bin/../lib/gcc/avr/4.3.3/avr5\libgcc.a(_clear_bss.o)
                0x00000076                __do_clear_bss
 *(.init4)
 *(.init5)
 *(.init5)
 *(.init6)
 *(.init6)
 *(.init7)
 *(.init7)
 *(.init8)
 *(.init8)
 *(.init9)
 .init9         0x00000086        0x8 c:/winavr-20100110/bin/../lib/gcc/avr/4.3.3/../../../../avr/lib/avr5/crtm16.o
 *(.init9)
 *(.text)
 .text          0x0000008e        0x4 c:/winavr-20100110/bin/../lib/gcc/avr/4.3.3/../../../../avr/lib/avr5/crtm16.o
                0x0000008e                __vector_12
                0x0000008e                __bad_interrupt
                0x0000008e                __vector_6
                0x0000008e                __vector_17
                0x0000008e                __vector_19
                0x0000008e                __vector_7
                0x0000008e                __vector_8
                0x0000008e                __vector_10
                0x0000008e                __vector_16
                0x0000008e                __vector_18
                0x0000008e                __vector_20
 .text          0x00000092        0x0 ./SERVICE/ICU/ICU.o
 .text          0x00000092        0x0 ./MCAL/UART/UART.o
 .text          0x00000092        0x0 ./MCAL/TIMER/Timer_interface.o
 .text          0x00000092        0x0 ./MCAL/FAST_PWM/PWM.o
 .text          0x00000092        0x0 ./MCAL/EXT_INT/interrupt.o
 .text          0x00000092        0x0 ./MCAL/DIO/DIO.o
 .text          0x00000092        0x0 ./MCAL/ADC/ADC.o
 .text          0x00000092        0x0 ./HAL/Ultrasonic/ultrasonic.o
 .text          0x00000092        0x0 ./HAL/MOTOR/motor.o
 .text          0x00000092        0x0 ./HAL/LCD/DIO.o
 .text          0x00000092        0x0 ./HAL/LCD/LCD.o
 .text          0x00000092        0x0 ./HAL/BUTTON/button.o
 .text          0x00000092        0x0 ./APP/APP.o
 .text          0x00000092        0x0 ./main.o
 .text          0x00000092        0x0 c:/winavr-20100110/bin/../lib/gcc/avr/4.3.3/avr5\libgcc.a(_udivmodsi4.o)
 .text          0x00000092        0x0 c:/winavr-20100110/bin/../lib/gcc/avr/4.3.3/avr5\libgcc.a(_exit.o)
 .text          0x00000092        0x0 c:/winavr-20100110/bin/../lib/gcc/avr/4.3.3/avr5\libgcc.a(_copy_data.o)
 .text          0x00000092        0x0 c:/winavr-20100110/bin/../lib/gcc/avr/4.3.3/avr5\libgcc.a(_clear_bss.o)
 .text          0x00000092       0x58 c:/winavr-20100110/bin/../lib/gcc/avr/4.3.3/avr5\libgcc.a(_fixunssfsi.o)
                0x00000092                __fixunssfsi
 .text          0x000000ea      0x354 c:/winavr-20100110/bin/../lib/gcc/avr/4.3.3/avr5\libgcc.a(_addsub_sf.o)
                0x00000382                __subsf3
                0x000003e4                __addsf3
 .text          0x0000043e      0x1f4 c:/winavr-20100110/bin/../lib/gcc/avr/4.3.3/avr5\libgcc.a(_mul_sf.o)
                0x0000043e                __mulsf3
 .text          0x00000632      0x158 c:/winavr-20100110/bin/../lib/gcc/avr/4.3.3/avr5\libgcc.a(_div_sf.o)
                0x00000632                __divsf3
 .text          0x0000078a       0x60 c:/winavr-20100110/bin/../lib/gcc/avr/4.3.3/avr5\libgcc.a(_gt_sf.o)
                0x0000078a                __gtsf2
 .text          0x000007ea       0x60 c:/winavr-20100110/bin/../lib/gcc/avr/4.3.3/avr5\libgcc.a(_ge_sf.o)
                0x000007ea                __gesf2
 .text          0x0000084a       0x60 c:/winavr-20100110/bin/../lib/gcc/avr/4.3.3/avr5\libgcc.a(_lt_sf.o)
                0x0000084a                __ltsf2
 .text          0x000008aa       0xa8 c:/winavr-20100110/bin/../lib/gcc/avr/4.3.3/avr5\libgcc.a(_sf_to_si.o)
                0x000008aa                __fixsfsi
 .text          0x00000952        0x0 c:/winavr-20100110/bin/../lib/gcc/avr/4.3.3/avr5\libgcc.a(_thenan_sf.o)
 .text          0x00000952       0xf2 c:/winavr-20100110/bin/../lib/gcc/avr/4.3.3/avr5\libgcc.a(_usi_to_sf.o)
                0x00000952                __floatunsisf
 .text          0x00000a44        0x0 c:/winavr-20100110/bin/../lib/gcc/avr/4.3.3/avr5\libgcc.a(_prologue.o)
 .text          0x00000a44        0x0 c:/winavr-20100110/bin/../lib/gcc/avr/4.3.3/avr5\libgcc.a(_epilogue.o)
 .text          0x00000a44       0x9e c:/winavr-20100110/bin/../lib/gcc/avr/4.3.3/avr5\libgcc.a(_clzsi2.o)
                0x00000a44                __clzsi2
 .text          0x00000ae2      0x1aa c:/winavr-20100110/bin/../lib/gcc/avr/4.3.3/avr5\libgcc.a(_pack_sf.o)
                0x00000ae2                __pack_f
 .text          0x00000c8c       0xf0 c:/winavr-20100110/bin/../lib/gcc/avr/4.3.3/avr5\libgcc.a(_unpack_sf.o)
                0x00000c8c                __unpack_f
 .text          0x00000d7c       0xb2 c:/winavr-20100110/bin/../lib/gcc/avr/4.3.3/avr5\libgcc.a(_fpcmp_parts_sf.o)
                0x00000d7c                __fpcmp_parts_f
 .text          0x00000e2e        0x0 c:/winavr-20100110/bin/../lib/gcc/avr/4.3.3/avr5\libgcc.a(_clz.o)
                0x00000e2e                . = ALIGN (0x2)
 *(.text.*)
 .text.ICU_Init
                0x00000e2e       0x78 ./SERVICE/ICU/ICU.o
                0x00000e2e                ICU_Init
 .text.ICU_captureTime
                0x00000ea6       0x50 ./SERVICE/ICU/ICU.o
                0x00000ea6                ICU_captureTime
 .text.ICU_readCapturedTime
                0x00000ef6       0x28 ./SERVICE/ICU/ICU.o
                0x00000ef6                ICU_readCapturedTime
 .text.UART_init
                0x00000f1e      0x252 ./MCAL/UART/UART.o
                0x00000f1e                UART_init
 .text.UART_sendByte
                0x00001170       0x7a ./MCAL/UART/UART.o
                0x00001170                UART_sendByte
 .text.UART_recieveByte
                0x000011ea       0x68 ./MCAL/UART/UART.o
                0x000011ea                UART_recieveByte
 .text.UART_TX_SetCallBack
                0x00001252       0x3a ./MCAL/UART/UART.o
                0x00001252                UART_TX_SetCallBack
 .text.UART_RX_SetCallBack
                0x0000128c       0x3a ./MCAL/UART/UART.o
                0x0000128c                UART_RX_SetCallBack
 .text.__vector_14
                0x000012c6       0x5a ./MCAL/UART/UART.o
                0x000012c6                __vector_14
 .text.__vector_13
                0x00001320       0x76 ./MCAL/UART/UART.o
                0x00001320                __vector_13
 .text.__vector_15
                0x00001396       0x66 ./MCAL/UART/UART.o
                0x00001396                __vector_15
 .text.Timer_Init
                0x000013fc      0x11c ./MCAL/TIMER/Timer_interface.o
                0x000013fc                Timer_Init
 .text.Timer_Start
                0x00001518      0x722 ./MCAL/TIMER/Timer_interface.o
                0x00001518                Timer_Start
 .text.Timer_Stop
                0x00001c3a       0xbe ./MCAL/TIMER/Timer_interface.o
                0x00001c3a                Timer_Stop
 .text.Timer_Reset
                0x00001cf8       0xa0 ./MCAL/TIMER/Timer_interface.o
                0x00001cf8                Timer_Reset
 .text.Timer_Get_TickTime
                0x00001d98       0x90 ./MCAL/TIMER/Timer_interface.o
                0x00001d98                Timer_Get_TickTime
 .text.Timer_Get_FlagStatus
                0x00001e28       0xaa ./MCAL/TIMER/Timer_interface.o
                0x00001e28                Timer_Get_FlagStatus
 .text.TIMER_SetCallBack
                0x00001ed2       0x80 ./MCAL/TIMER/Timer_interface.o
                0x00001ed2                TIMER_SetCallBack
 .text.__vector_11
                0x00001f52       0x66 ./MCAL/TIMER/Timer_interface.o
                0x00001f52                __vector_11
 .text.__vector_9
                0x00001fb8       0x66 ./MCAL/TIMER/Timer_interface.o
                0x00001fb8                __vector_9
 .text.__vector_5
                0x0000201e       0x7c ./MCAL/TIMER/Timer_interface.o
                0x0000201e                __vector_5
 .text.FPWM_TIMER2_INT_Init
                0x0000209a      0x25a ./MCAL/FAST_PWM/PWM.o
                0x0000209a                FPWM_TIMER2_INT_Init
 .text.FPWM_TIMER2_INT_setDutyCycle
                0x000022f4       0xa8 ./MCAL/FAST_PWM/PWM.o
                0x000022f4                FPWM_TIMER2_INT_setDutyCycle
 .text.FPWM_TIMER2_INT_setCallBack
                0x0000239c       0x3a ./MCAL/FAST_PWM/PWM.o
                0x0000239c                FPWM_TIMER2_INT_setCallBack
 .text.__vector_4
                0x000023d6       0x66 ./MCAL/FAST_PWM/PWM.o
                0x000023d6                __vector_4
 .text.GLOBALInt_enable
                0x0000243c       0x1c ./MCAL/EXT_INT/interrupt.o
                0x0000243c                GLOBALInt_enable
 .text.GLOBALInt_disbable
                0x00002458       0x1c ./MCAL/EXT_INT/interrupt.o
                0x00002458                GLOBALInt_disbable
 .text.EXTInt_enable
                0x00002474       0x7c ./MCAL/EXT_INT/interrupt.o
                0x00002474                EXTInt_enable
 .text.EXTInt_disable
                0x000024f0       0x7c ./MCAL/EXT_INT/interrupt.o
                0x000024f0                EXTInt_disable
 .text.EXTInt_Mode
                0x0000256c      0x218 ./MCAL/EXT_INT/interrupt.o
                0x0000256c                EXTInt_Mode
 .text.EXTInt_setCallBack
                0x00002784       0x8c ./MCAL/EXT_INT/interrupt.o
                0x00002784                EXTInt_setCallBack
 .text.checkGlobalInterrupt
                0x00002810       0x32 ./MCAL/EXT_INT/interrupt.o
                0x00002810                checkGlobalInterrupt
 .text.__vector_1
                0x00002842       0x66 ./MCAL/EXT_INT/interrupt.o
                0x00002842                __vector_1
 .text.__vector_2
                0x000028a8       0x66 ./MCAL/EXT_INT/interrupt.o
                0x000028a8                __vector_2
 .text.__vector_3
                0x0000290e       0x66 ./MCAL/EXT_INT/interrupt.o
                0x0000290e                __vector_3
 .text.DIO_setPort_Direction
                0x00002974      0x110 ./MCAL/DIO/DIO.o
                0x00002974                DIO_setPort_Direction
 .text.DIO_setPort_Value
                0x00002a84       0x92 ./MCAL/DIO/DIO.o
                0x00002a84                DIO_setPort_Value
 .text.GetPort_Value
                0x00002b16       0xa6 ./MCAL/DIO/DIO.o
                0x00002b16                GetPort_Value
 .text.DIO_setPin_Direction
                0x00002bbc      0x224 ./MCAL/DIO/DIO.o
                0x00002bbc                DIO_setPin_Direction
 .text.DIO_setPin_Value
                0x00002de0      0x224 ./MCAL/DIO/DIO.o
                0x00002de0                DIO_setPin_Value
 .text.DIO_getPin_Value
                0x00003004      0x188 ./MCAL/DIO/DIO.o
                0x00003004                DIO_getPin_Value
 .text.ADC_Init
                0x0000318c      0x7aa ./MCAL/ADC/ADC.o
                0x0000318c                ADC_Init
 .text.ADC_startConversion
                0x00003936       0x74 ./MCAL/ADC/ADC.o
                0x00003936                ADC_startConversion
 .text.ADC_readChannel
                0x000039aa       0x28 ./MCAL/ADC/ADC.o
                0x000039aa                ADC_readChannel
 .text.ULTRASONIC_Init
                0x000039d2       0x6a ./HAL/Ultrasonic/ultrasonic.o
                0x000039d2                ULTRASONIC_Init
 .text.ULTRASONIC_readDistance
                0x00003a3c      0x242 ./HAL/Ultrasonic/ultrasonic.o
                0x00003a3c                ULTRASONIC_readDistance
 .text.motor1_on
                0x00003c7e       0x1c ./HAL/MOTOR/motor.o
                0x00003c7e                motor1_on
 .text.motor1_off
                0x00003c9a       0x1c ./HAL/MOTOR/motor.o
                0x00003c9a                motor1_off
 .text.motor_init
                0x00003cb6       0x54 ./HAL/MOTOR/motor.o
                0x00003cb6                motor_init
 .text.motor_set_state
                0x00003d0a       0x30 ./HAL/MOTOR/motor.o
                0x00003d0a                motor_set_state
 .text.motor_increase_speed
                0x00003d3a       0x2e ./HAL/MOTOR/motor.o
                0x00003d3a                motor_increase_speed
 .text.motor_decrease_speed
                0x00003d68       0x20 ./HAL/MOTOR/motor.o
                0x00003d68                motor_decrease_speed
 .text.motor_increase_speed_by
                0x00003d88       0x3c ./HAL/MOTOR/motor.o
                0x00003d88                motor_increase_speed_by
 .text.motor_decrease_speed_by
                0x00003dc4       0x32 ./HAL/MOTOR/motor.o
                0x00003dc4                motor_decrease_speed_by
 .text.motor_set_speed
                0x00003df6       0x20 ./HAL/MOTOR/motor.o
                0x00003df6                motor_set_speed
 .text.DIO_vsetPINDir
                0x00003e16      0x1c8 ./HAL/LCD/DIO.o
                0x00003e16                DIO_vsetPINDir
 .text.DIO_write
                0x00003fde      0x1c8 ./HAL/LCD/DIO.o
                0x00003fde                DIO_write
 .text.DIO_u8read
                0x000041a6      0x158 ./HAL/LCD/DIO.o
                0x000041a6                DIO_u8read
 .text.DIO_toggle
                0x000042fe       0xfc ./HAL/LCD/DIO.o
                0x000042fe                DIO_toggle
 .text.DIO_set_port_direction
                0x000043fa       0x84 ./HAL/LCD/DIO.o
                0x000043fa                DIO_set_port_direction
 .text.DIO_write_port
                0x0000447e       0x84 ./HAL/LCD/DIO.o
                0x0000447e                DIO_write_port
 .text.DIO_read_port
                0x00004502       0x86 ./HAL/LCD/DIO.o
                0x00004502                DIO_read_port
 .text.DIO_vconnectpullup
                0x00004588      0x1c8 ./HAL/LCD/DIO.o
                0x00004588                DIO_vconnectpullup
 .text.write_low_nibble
                0x00004750       0xdc ./HAL/LCD/DIO.o
                0x00004750                write_low_nibble
 .text.write_high_nibble
                0x0000482c       0xde ./HAL/LCD/DIO.o
                0x0000482c                write_high_nibble
 .text.LCD_vInit
                0x0000490a      0x6a0 ./HAL/LCD/LCD.o
                0x0000490a                LCD_vInit
 .text.send_falling_edge
                0x00004faa      0x202 ./HAL/LCD/LCD.o
 .text.LCD_vSend_cmd
                0x000051ac      0x140 ./HAL/LCD/LCD.o
                0x000051ac                LCD_vSend_cmd
 .text.LCD_vSend_char
                0x000052ec      0x140 ./HAL/LCD/LCD.o
                0x000052ec                LCD_vSend_char
 .text.LCD_vSend_string
                0x0000542c       0x38 ./HAL/LCD/LCD.o
                0x0000542c                LCD_vSend_string
 .text.LCD_clearscreen
                0x00005464      0x110 ./HAL/LCD/LCD.o
                0x00005464                LCD_clearscreen
 .text.LCD_movecursor
                0x00005574      0x14c ./HAL/LCD/LCD.o
                0x00005574                LCD_movecursor
 .text.BUTTON_Init
                0x000056c0       0x2c ./HAL/BUTTON/button.o
                0x000056c0                BUTTON_Init
 .text.BUTTON_readState
                0x000056ec       0x44 ./HAL/BUTTON/button.o
                0x000056ec                BUTTON_readState
 .text.APP_init
                0x00005730       0xf6 ./APP/APP.o
                0x00005730                APP_init
 .text.APP_readSensors
                0x00005826      0x390 ./APP/APP.o
                0x00005826                APP_readSensors
 .text.APP_ticksIncrement
                0x00005bb6       0x62 ./APP/APP.o
                0x00005bb6                APP_ticksIncrement
 .text.APP_getCurrentTicks_ms
                0x00005c18       0x4c ./APP/APP.o
                0x00005c18                APP_getCurrentTicks_ms
 .text.APP_BTN_INC_readState
                0x00005c64       0x14 ./APP/APP.o
                0x00005c64                APP_BTN_INC_readState
 .text.APP_BTN_DEC_readState
                0x00005c78       0x14 ./APP/APP.o
                0x00005c78                APP_BTN_DEC_readState
 .text.main     0x00005c8c       0x12 ./main.o
                0x00005c8c                main
 .text.libgcc   0x00005c9e       0x44 c:/winavr-20100110/bin/../lib/gcc/avr/4.3.3/avr5\libgcc.a(_udivmodsi4.o)
                0x00005c9e                __udivmodsi4
 .text.libgcc   0x00005ce2        0x0 c:/winavr-20100110/bin/../lib/gcc/avr/4.3.3/avr5\libgcc.a(_exit.o)
 .text.libgcc   0x00005ce2        0x0 c:/winavr-20100110/bin/../lib/gcc/avr/4.3.3/avr5\libgcc.a(_copy_data.o)
 .text.libgcc   0x00005ce2        0x0 c:/winavr-20100110/bin/../lib/gcc/avr/4.3.3/avr5\libgcc.a(_clear_bss.o)
 .text.libgcc   0x00005ce2       0x38 c:/winavr-20100110/bin/../lib/gcc/avr/4.3.3/avr5\libgcc.a(_prologue.o)
                0x00005ce2                __prologue_saves__
 .text.libgcc   0x00005d1a       0x36 c:/winavr-20100110/bin/../lib/gcc/avr/4.3.3/avr5\libgcc.a(_epilogue.o)
                0x00005d1a                __epilogue_restores__
                0x00005d50                . = ALIGN (0x2)
 *(.fini9)
 .fini9         0x00005d50        0x0 c:/winavr-20100110/bin/../lib/gcc/avr/4.3.3/avr5\libgcc.a(_exit.o)
                0x00005d50                exit
                0x00005d50                _exit
 *(.fini9)
 *(.fini8)
 *(.fini8)
 *(.fini7)
 *(.fini7)
 *(.fini6)
 *(.fini6)
 *(.fini5)
 *(.fini5)
 *(.fini4)
 *(.fini4)
 *(.fini3)
 *(.fini3)
 *(.fini2)
 *(.fini2)
 *(.fini1)
 *(.fini1)
 *(.fini0)
 .fini0         0x00005d50        0x4 c:/winavr-20100110/bin/../lib/gcc/avr/4.3.3/avr5\libgcc.a(_exit.o)
 *(.fini0)
                0x00005d54                _etext = .

.data           0x00800060      0x10a load address 0x00005d54
                0x00800060                PROVIDE (__data_start, .)
 *(.data)
 .data          0x00800060        0x0 c:/winavr-20100110/bin/../lib/gcc/avr/4.3.3/../../../../avr/lib/avr5/crtm16.o
 .data          0x00800060        0x0 ./SERVICE/ICU/ICU.o
 .data          0x00800060        0x0 ./MCAL/UART/UART.o
 .data          0x00800060        0x0 ./MCAL/TIMER/Timer_interface.o
 .data          0x00800060        0x0 ./MCAL/FAST_PWM/PWM.o
 .data          0x00800060        0x0 ./MCAL/EXT_INT/interrupt.o
 .data          0x00800060        0x0 ./MCAL/DIO/DIO.o
 .data          0x00800060        0x0 ./MCAL/ADC/ADC.o
 .data          0x00800060        0x0 ./HAL/Ultrasonic/ultrasonic.o
 .data          0x00800060        0x0 ./HAL/MOTOR/motor.o
 .data          0x00800060        0x0 ./HAL/LCD/DIO.o
 .data          0x00800060        0x0 ./HAL/LCD/LCD.o
 .data          0x00800060        0x0 ./HAL/BUTTON/button.o
 .data          0x00800060        0x0 ./APP/APP.o
 .data          0x00800060        0x0 ./main.o
 .data          0x00800060        0x0 c:/winavr-20100110/bin/../lib/gcc/avr/4.3.3/avr5\libgcc.a(_udivmodsi4.o)
 .data          0x00800060        0x0 c:/winavr-20100110/bin/../lib/gcc/avr/4.3.3/avr5\libgcc.a(_exit.o)
 .data          0x00800060        0x0 c:/winavr-20100110/bin/../lib/gcc/avr/4.3.3/avr5\libgcc.a(_copy_data.o)
 .data          0x00800060        0x0 c:/winavr-20100110/bin/../lib/gcc/avr/4.3.3/avr5\libgcc.a(_clear_bss.o)
 .data          0x00800060        0x0 c:/winavr-20100110/bin/../lib/gcc/avr/4.3.3/avr5\libgcc.a(_fixunssfsi.o)
 .data          0x00800060        0x0 c:/winavr-20100110/bin/../lib/gcc/avr/4.3.3/avr5\libgcc.a(_addsub_sf.o)
 .data          0x00800060        0x0 c:/winavr-20100110/bin/../lib/gcc/avr/4.3.3/avr5\libgcc.a(_mul_sf.o)
 .data          0x00800060        0x0 c:/winavr-20100110/bin/../lib/gcc/avr/4.3.3/avr5\libgcc.a(_div_sf.o)
 .data          0x00800060        0x0 c:/winavr-20100110/bin/../lib/gcc/avr/4.3.3/avr5\libgcc.a(_gt_sf.o)
 .data          0x00800060        0x0 c:/winavr-20100110/bin/../lib/gcc/avr/4.3.3/avr5\libgcc.a(_ge_sf.o)
 .data          0x00800060        0x0 c:/winavr-20100110/bin/../lib/gcc/avr/4.3.3/avr5\libgcc.a(_lt_sf.o)
 .data          0x00800060        0x0 c:/winavr-20100110/bin/../lib/gcc/avr/4.3.3/avr5\libgcc.a(_sf_to_si.o)
 .data          0x00800060        0x8 c:/winavr-20100110/bin/../lib/gcc/avr/4.3.3/avr5\libgcc.a(_thenan_sf.o)
                0x00800060                __thenan_sf
 .data          0x00800068        0x0 c:/winavr-20100110/bin/../lib/gcc/avr/4.3.3/avr5\libgcc.a(_usi_to_sf.o)
 .data          0x00800068        0x0 c:/winavr-20100110/bin/../lib/gcc/avr/4.3.3/avr5\libgcc.a(_prologue.o)
 .data          0x00800068        0x0 c:/winavr-20100110/bin/../lib/gcc/avr/4.3.3/avr5\libgcc.a(_epilogue.o)
 .data          0x00800068        0x0 c:/winavr-20100110/bin/../lib/gcc/avr/4.3.3/avr5\libgcc.a(_clzsi2.o)
 .data          0x00800068        0x0 c:/winavr-20100110/bin/../lib/gcc/avr/4.3.3/avr5\libgcc.a(_pack_sf.o)
 .data          0x00800068        0x0 c:/winavr-20100110/bin/../lib/gcc/avr/4.3.3/avr5\libgcc.a(_unpack_sf.o)
 .data          0x00800068        0x0 c:/winavr-20100110/bin/../lib/gcc/avr/4.3.3/avr5\libgcc.a(_fpcmp_parts_sf.o)
 .data          0x00800068      0x100 c:/winavr-20100110/bin/../lib/gcc/avr/4.3.3/avr5\libgcc.a(_clz.o)
                0x00800068                __clz_tab
 *(.data*)
 .data.UART_DataSent_Status
                0x00800168        0x1 ./MCAL/UART/UART.o
                0x00800168                UART_DataSent_Status
 *(.rodata)
 *(.rodata*)
 *(.gnu.linkonce.d*)
                0x0080016a                . = ALIGN (0x2)
 *fill*         0x00800169        0x1 00
                0x0080016a                _edata = .
                0x0080016a                PROVIDE (__data_end, .)

.bss            0x0080016a       0x51
                0x0080016a                PROVIDE (__bss_start, .)
 *(.bss)
 .bss           0x0080016a        0x0 c:/winavr-20100110/bin/../lib/gcc/avr/4.3.3/../../../../avr/lib/avr5/crtm16.o
 .bss           0x0080016a        0x0 ./SERVICE/ICU/ICU.o
 .bss           0x0080016a        0x0 ./MCAL/UART/UART.o
 .bss           0x0080016a        0x0 ./MCAL/TIMER/Timer_interface.o
 .bss           0x0080016a        0x0 ./MCAL/FAST_PWM/PWM.o
 .bss           0x0080016a        0x0 ./MCAL/EXT_INT/interrupt.o
 .bss           0x0080016a        0x0 ./MCAL/DIO/DIO.o
 .bss           0x0080016a        0x0 ./MCAL/ADC/ADC.o
 .bss           0x0080016a        0x0 ./HAL/Ultrasonic/ultrasonic.o
 .bss           0x0080016a        0x0 ./HAL/MOTOR/motor.o
 .bss           0x0080016a        0x0 ./HAL/LCD/DIO.o
 .bss           0x0080016a        0x0 ./HAL/LCD/LCD.o
 .bss           0x0080016a        0x0 ./HAL/BUTTON/button.o
 .bss           0x0080016a        0x0 ./APP/APP.o
 .bss           0x0080016a        0x0 ./main.o
 .bss           0x0080016a        0x0 c:/winavr-20100110/bin/../lib/gcc/avr/4.3.3/avr5\libgcc.a(_udivmodsi4.o)
 .bss           0x0080016a        0x0 c:/winavr-20100110/bin/../lib/gcc/avr/4.3.3/avr5\libgcc.a(_exit.o)
 .bss           0x0080016a        0x0 c:/winavr-20100110/bin/../lib/gcc/avr/4.3.3/avr5\libgcc.a(_copy_data.o)
 .bss           0x0080016a        0x0 c:/winavr-20100110/bin/../lib/gcc/avr/4.3.3/avr5\libgcc.a(_clear_bss.o)
 .bss           0x0080016a        0x0 c:/winavr-20100110/bin/../lib/gcc/avr/4.3.3/avr5\libgcc.a(_fixunssfsi.o)
 .bss           0x0080016a        0x0 c:/winavr-20100110/bin/../lib/gcc/avr/4.3.3/avr5\libgcc.a(_addsub_sf.o)
 .bss           0x0080016a        0x0 c:/winavr-20100110/bin/../lib/gcc/avr/4.3.3/avr5\libgcc.a(_mul_sf.o)
 .bss           0x0080016a        0x0 c:/winavr-20100110/bin/../lib/gcc/avr/4.3.3/avr5\libgcc.a(_div_sf.o)
 .bss           0x0080016a        0x0 c:/winavr-20100110/bin/../lib/gcc/avr/4.3.3/avr5\libgcc.a(_gt_sf.o)
 .bss           0x0080016a        0x0 c:/winavr-20100110/bin/../lib/gcc/avr/4.3.3/avr5\libgcc.a(_ge_sf.o)
 .bss           0x0080016a        0x0 c:/winavr-20100110/bin/../lib/gcc/avr/4.3.3/avr5\libgcc.a(_lt_sf.o)
 .bss           0x0080016a        0x0 c:/winavr-20100110/bin/../lib/gcc/avr/4.3.3/avr5\libgcc.a(_sf_to_si.o)
 .bss           0x0080016a        0x0 c:/winavr-20100110/bin/../lib/gcc/avr/4.3.3/avr5\libgcc.a(_thenan_sf.o)
 .bss           0x0080016a        0x0 c:/winavr-20100110/bin/../lib/gcc/avr/4.3.3/avr5\libgcc.a(_usi_to_sf.o)
 .bss           0x0080016a        0x0 c:/winavr-20100110/bin/../lib/gcc/avr/4.3.3/avr5\libgcc.a(_prologue.o)
 .bss           0x0080016a        0x0 c:/winavr-20100110/bin/../lib/gcc/avr/4.3.3/avr5\libgcc.a(_epilogue.o)
 .bss           0x0080016a        0x0 c:/winavr-20100110/bin/../lib/gcc/avr/4.3.3/avr5\libgcc.a(_clzsi2.o)
 .bss           0x0080016a        0x0 c:/winavr-20100110/bin/../lib/gcc/avr/4.3.3/avr5\libgcc.a(_pack_sf.o)
 .bss           0x0080016a        0x0 c:/winavr-20100110/bin/../lib/gcc/avr/4.3.3/avr5\libgcc.a(_unpack_sf.o)
 .bss           0x0080016a        0x0 c:/winavr-20100110/bin/../lib/gcc/avr/4.3.3/avr5\libgcc.a(_fpcmp_parts_sf.o)
 .bss           0x0080016a        0x0 c:/winavr-20100110/bin/../lib/gcc/avr/4.3.3/avr5\libgcc.a(_clz.o)
 *(.bss*)
 .bss.interrupt_counter
                0x0080016a        0x1 ./SERVICE/ICU/ICU.o
                0x0080016a                interrupt_counter
 .bss.timerStarted
                0x0080016b        0x1 ./SERVICE/ICU/ICU.o
                0x0080016b                timerStarted
 .bss.capturedTime
                0x0080016c        0x2 ./SERVICE/ICU/ICU.o
                0x0080016c                capturedTime
 .bss.UART_Data_Received_ptr
                0x0080016e        0x2 ./MCAL/UART/UART.o
                0x0080016e                UART_Data_Received_ptr
 .bss.UART_TX_Funcptr
                0x00800170        0x2 ./MCAL/UART/UART.o
                0x00800170                UART_TX_Funcptr
 .bss.UART_RX_Funcptr
                0x00800172        0x2 ./MCAL/UART/UART.o
                0x00800172                UART_RX_Funcptr
 .bss.TIMER0_FuncPtr
                0x00800174        0x2 ./MCAL/TIMER/Timer_interface.o
                0x00800174                TIMER0_FuncPtr
 .bss.TIMER1_FuncPtr
                0x00800176        0x2 ./MCAL/TIMER/Timer_interface.o
                0x00800176                TIMER1_FuncPtr
 .bss.TIMER2_FuncPtr
                0x00800178        0x2 ./MCAL/TIMER/Timer_interface.o
                0x00800178                TIMER2_FuncPtr
 .bss.Timer2CMPfuncPtr
                0x0080017a        0x2 ./MCAL/FAST_PWM/PWM.o
                0x0080017a                Timer2CMPfuncPtr
 .bss.FPWM_Timer2OVFfuncPtr
                0x0080017c        0x2 ./MCAL/FAST_PWM/PWM.o
                0x0080017c                FPWM_Timer2OVFfuncPtr
 .bss.EXTINT0_CallBackPtr
                0x0080017e        0x2 ./MCAL/EXT_INT/interrupt.o
                0x0080017e                EXTINT0_CallBackPtr
 .bss.EXTINT1_CallBackPtr
                0x00800180        0x2 ./MCAL/EXT_INT/interrupt.o
                0x00800180                EXTINT1_CallBackPtr
 .bss.EXTINT2_CallBackPtr
                0x00800182        0x2 ./MCAL/EXT_INT/interrupt.o
                0x00800182                EXTINT2_CallBackPtr
 .bss.Car_Ignition_On
                0x00800184        0x1 ./APP/APP.o
                0x00800184                Car_Ignition_On
 .bss.Timer_Total_Overflows
                0x00800185        0x2 ./APP/APP.o
                0x00800185                Timer_Total_Overflows
 .bss.Timer_Total_Ticks_ms
                0x00800187        0x8 ./APP/APP.o
                0x00800187                Timer_Total_Ticks_ms
 .bss.US_Push_But_Feat_Flag
                0x0080018f        0x1 ./APP/APP.o
                0x0080018f                US_Push_But_Feat_Flag
 .bss.US_lastPushTickTime
                0x00800190        0x8 ./APP/APP.o
                0x00800190                US_lastPushTickTime
 *(COMMON)
 COMMON         0x00800198        0x1 ./SERVICE/ICU/ICU.o
                0x00800198                EXTInt_Chan
 COMMON         0x00800199        0x2 ./MCAL/UART/UART.o
                0x00800199                UART_Data_Transmit
                0x0080019a                UART_FlagAction
 COMMON         0x0080019b        0x6 ./MCAL/TIMER/Timer_interface.o
                0x0080019b                TIMER2_Interrupt_Mode
                0x0080019c                TIMER1_Interrupt_Mode
                0x0080019d                TIMER2_Psc
                0x0080019e                TIMER0_Psc
                0x0080019f                TIMER1_Psc
                0x008001a0                TIMER0_Interrupt_Mode
 COMMON         0x008001a1        0x4 ./MCAL/ADC/ADC.o
                0x008001a1                ADC_Mode_Buffer
                0x008001a2                gu16_ADC_reading
                0x008001a4                ADC_TriggerMode_Buffer
 COMMON         0x008001a5       0x15 ./APP/APP.o
                0x008001a5                M_confg_s
                0x008001a8                BTN_DEC_confg_s
                0x008001ab                Timer_confg_s
                0x008001af                US_confg_s
                0x008001b3                BTN_BRK_confg_s
                0x008001b6                APP_Mode
                0x008001b7                BTN_INC_confg_s
 COMMON         0x008001ba        0x1 ./main.o
                0x008001ba                motor_speed
                0x008001bb                PROVIDE (__bss_end, .)
                0x00005d54                __data_load_start = LOADADDR (.data)
                0x00005e5e                __data_load_end = (__data_load_start + SIZEOF (.data))

.noinit         0x008001bb        0x0
                0x008001bb                PROVIDE (__noinit_start, .)
 *(.noinit*)
                0x008001bb                PROVIDE (__noinit_end, .)
                0x008001bb                _end = .
                0x008001bb                PROVIDE (__heap_start, .)

.eeprom         0x00810000        0x0
 *(.eeprom*)
                0x00810000                __eeprom_end = .

.fuse
 *(.fuse)
 *(.lfuse)
 *(.hfuse)
 *(.efuse)

.lock
 *(.lock*)

.signature
 *(.signature*)

.stab           0x00000000     0x62ac
 *(.stab)
 .stab          0x00000000      0x3cc ./SERVICE/ICU/ICU.o
 .stab          0x000003cc      0x858 ./MCAL/UART/UART.o
                                0x864 (size before relaxing)
 .stab          0x00000c24      0xcc0 ./MCAL/TIMER/Timer_interface.o
                                0xe88 (size before relaxing)
 .stab          0x000018e4      0x4c8 ./MCAL/FAST_PWM/PWM.o
                                0x690 (size before relaxing)
 .stab          0x00001dac      0x678 ./MCAL/EXT_INT/interrupt.o
                                0x840 (size before relaxing)
 .stab          0x00002424      0x708 ./MCAL/DIO/DIO.o
                                0x714 (size before relaxing)
 .stab          0x00002b2c      0x948 ./MCAL/ADC/ADC.o
                                0xb10 (size before relaxing)
 .stab          0x00003474      0x57c ./HAL/Ultrasonic/ultrasonic.o
                                0x708 (size before relaxing)
 .stab          0x000039f0      0x57c ./HAL/MOTOR/motor.o
                                0x588 (size before relaxing)
 .stab          0x00003f6c      0x7ec ./HAL/LCD/DIO.o
                                0x9a8 (size before relaxing)
 .stab          0x00004758      0xc9c ./HAL/LCD/LCD.o
                                0xe34 (size before relaxing)
 .stab          0x000053f4      0x2f4 ./HAL/BUTTON/button.o
                                0x300 (size before relaxing)
 .stab          0x000056e8      0x948 ./APP/APP.o
                                0xb10 (size before relaxing)
 .stab          0x00006030      0x27c ./main.o
                                0x624 (size before relaxing)

.stabstr        0x00000000     0x32a5
 *(.stabstr)
 .stabstr       0x00000000     0x32a5 ./SERVICE/ICU/ICU.o

.stab.excl
 *(.stab.excl)

.stab.exclstr
 *(.stab.exclstr)

.stab.index
 *(.stab.index)

.stab.indexstr
 *(.stab.indexstr)

.comment
 *(.comment)

.debug
 *(.debug)

.line
 *(.line)

.debug_srcinfo
 *(.debug_srcinfo)

.debug_sfnames
 *(.debug_sfnames)

.debug_aranges  0x00000000      0x1a0
 *(.debug_aranges)
 .debug_aranges
                0x00000000       0x20 c:/winavr-20100110/bin/../lib/gcc/avr/4.3.3/avr5\libgcc.a(_fixunssfsi.o)
 .debug_aranges
                0x00000020       0x20 c:/winavr-20100110/bin/../lib/gcc/avr/4.3.3/avr5\libgcc.a(_addsub_sf.o)
 .debug_aranges
                0x00000040       0x20 c:/winavr-20100110/bin/../lib/gcc/avr/4.3.3/avr5\libgcc.a(_mul_sf.o)
 .debug_aranges
                0x00000060       0x20 c:/winavr-20100110/bin/../lib/gcc/avr/4.3.3/avr5\libgcc.a(_div_sf.o)
 .debug_aranges
                0x00000080       0x20 c:/winavr-20100110/bin/../lib/gcc/avr/4.3.3/avr5\libgcc.a(_gt_sf.o)
 .debug_aranges
                0x000000a0       0x20 c:/winavr-20100110/bin/../lib/gcc/avr/4.3.3/avr5\libgcc.a(_ge_sf.o)
 .debug_aranges
                0x000000c0       0x20 c:/winavr-20100110/bin/../lib/gcc/avr/4.3.3/avr5\libgcc.a(_lt_sf.o)
 .debug_aranges
                0x000000e0       0x20 c:/winavr-20100110/bin/../lib/gcc/avr/4.3.3/avr5\libgcc.a(_sf_to_si.o)
 .debug_aranges
                0x00000100       0x20 c:/winavr-20100110/bin/../lib/gcc/avr/4.3.3/avr5\libgcc.a(_usi_to_sf.o)
 .debug_aranges
                0x00000120       0x20 c:/winavr-20100110/bin/../lib/gcc/avr/4.3.3/avr5\libgcc.a(_clzsi2.o)
 .debug_aranges
                0x00000140       0x20 c:/winavr-20100110/bin/../lib/gcc/avr/4.3.3/avr5\libgcc.a(_pack_sf.o)
 .debug_aranges
                0x00000160       0x20 c:/winavr-20100110/bin/../lib/gcc/avr/4.3.3/avr5\libgcc.a(_unpack_sf.o)
 .debug_aranges
                0x00000180       0x20 c:/winavr-20100110/bin/../lib/gcc/avr/4.3.3/avr5\libgcc.a(_fpcmp_parts_sf.o)

.debug_pubnames
                0x00000000      0x1f2
 *(.debug_pubnames)
 .debug_pubnames
                0x00000000       0x23 c:/winavr-20100110/bin/../lib/gcc/avr/4.3.3/avr5\libgcc.a(_fixunssfsi.o)
 .debug_pubnames
                0x00000023       0x2c c:/winavr-20100110/bin/../lib/gcc/avr/4.3.3/avr5\libgcc.a(_addsub_sf.o)
 .debug_pubnames
                0x0000004f       0x1f c:/winavr-20100110/bin/../lib/gcc/avr/4.3.3/avr5\libgcc.a(_mul_sf.o)
 .debug_pubnames
                0x0000006e       0x1f c:/winavr-20100110/bin/../lib/gcc/avr/4.3.3/avr5\libgcc.a(_div_sf.o)
 .debug_pubnames
                0x0000008d       0x1e c:/winavr-20100110/bin/../lib/gcc/avr/4.3.3/avr5\libgcc.a(_gt_sf.o)
 .debug_pubnames
                0x000000ab       0x1e c:/winavr-20100110/bin/../lib/gcc/avr/4.3.3/avr5\libgcc.a(_ge_sf.o)
 .debug_pubnames
                0x000000c9       0x1e c:/winavr-20100110/bin/../lib/gcc/avr/4.3.3/avr5\libgcc.a(_lt_sf.o)
 .debug_pubnames
                0x000000e7       0x20 c:/winavr-20100110/bin/../lib/gcc/avr/4.3.3/avr5\libgcc.a(_sf_to_si.o)
 .debug_pubnames
                0x00000107       0x22 c:/winavr-20100110/bin/../lib/gcc/avr/4.3.3/avr5\libgcc.a(_thenan_sf.o)
 .debug_pubnames
                0x00000129       0x24 c:/winavr-20100110/bin/../lib/gcc/avr/4.3.3/avr5\libgcc.a(_usi_to_sf.o)
 .debug_pubnames
                0x0000014d       0x1f c:/winavr-20100110/bin/../lib/gcc/avr/4.3.3/avr5\libgcc.a(_clzsi2.o)
 .debug_pubnames
                0x0000016c       0x1f c:/winavr-20100110/bin/../lib/gcc/avr/4.3.3/avr5\libgcc.a(_pack_sf.o)
 .debug_pubnames
                0x0000018b       0x21 c:/winavr-20100110/bin/../lib/gcc/avr/4.3.3/avr5\libgcc.a(_unpack_sf.o)
 .debug_pubnames
                0x000001ac       0x26 c:/winavr-20100110/bin/../lib/gcc/avr/4.3.3/avr5\libgcc.a(_fpcmp_parts_sf.o)
 .debug_pubnames
                0x000001d2       0x20 c:/winavr-20100110/bin/../lib/gcc/avr/4.3.3/avr5\libgcc.a(_clz.o)

.debug_info     0x00000000     0x240b
 *(.debug_info)
 .debug_info    0x00000000       0xb1 c:/winavr-20100110/bin/../lib/gcc/avr/4.3.3/avr5\libgcc.a(_fixunssfsi.o)
 .debug_info    0x000000b1      0x47a c:/winavr-20100110/bin/../lib/gcc/avr/4.3.3/avr5\libgcc.a(_addsub_sf.o)
 .debug_info    0x0000052b      0x485 c:/winavr-20100110/bin/../lib/gcc/avr/4.3.3/avr5\libgcc.a(_mul_sf.o)
 .debug_info    0x000009b0      0x3fc c:/winavr-20100110/bin/../lib/gcc/avr/4.3.3/avr5\libgcc.a(_div_sf.o)
 .debug_info    0x00000dac      0x27f c:/winavr-20100110/bin/../lib/gcc/avr/4.3.3/avr5\libgcc.a(_gt_sf.o)
 .debug_info    0x0000102b      0x27f c:/winavr-20100110/bin/../lib/gcc/avr/4.3.3/avr5\libgcc.a(_ge_sf.o)
 .debug_info    0x000012aa      0x27f c:/winavr-20100110/bin/../lib/gcc/avr/4.3.3/avr5\libgcc.a(_lt_sf.o)
 .debug_info    0x00001529      0x2b0 c:/winavr-20100110/bin/../lib/gcc/avr/4.3.3/avr5\libgcc.a(_sf_to_si.o)
 .debug_info    0x000017d9      0x12c c:/winavr-20100110/bin/../lib/gcc/avr/4.3.3/avr5\libgcc.a(_thenan_sf.o)
 .debug_info    0x00001905      0x206 c:/winavr-20100110/bin/../lib/gcc/avr/4.3.3/avr5\libgcc.a(_usi_to_sf.o)
 .debug_info    0x00001b0b      0x117 c:/winavr-20100110/bin/../lib/gcc/avr/4.3.3/avr5\libgcc.a(_clzsi2.o)
 .debug_info    0x00001c22      0x2df c:/winavr-20100110/bin/../lib/gcc/avr/4.3.3/avr5\libgcc.a(_pack_sf.o)
 .debug_info    0x00001f01      0x251 c:/winavr-20100110/bin/../lib/gcc/avr/4.3.3/avr5\libgcc.a(_unpack_sf.o)
 .debug_info    0x00002152      0x210 c:/winavr-20100110/bin/../lib/gcc/avr/4.3.3/avr5\libgcc.a(_fpcmp_parts_sf.o)
 .debug_info    0x00002362       0xa9 c:/winavr-20100110/bin/../lib/gcc/avr/4.3.3/avr5\libgcc.a(_clz.o)
 *(.gnu.linkonce.wi.*)

.debug_abbrev   0x00000000     0x1386
 *(.debug_abbrev)
 .debug_abbrev  0x00000000       0x5d c:/winavr-20100110/bin/../lib/gcc/avr/4.3.3/avr5\libgcc.a(_fixunssfsi.o)
 .debug_abbrev  0x0000005d      0x1ea c:/winavr-20100110/bin/../lib/gcc/avr/4.3.3/avr5\libgcc.a(_addsub_sf.o)
 .debug_abbrev  0x00000247      0x21b c:/winavr-20100110/bin/../lib/gcc/avr/4.3.3/avr5\libgcc.a(_mul_sf.o)
 .debug_abbrev  0x00000462      0x216 c:/winavr-20100110/bin/../lib/gcc/avr/4.3.3/avr5\libgcc.a(_div_sf.o)
 .debug_abbrev  0x00000678      0x15a c:/winavr-20100110/bin/../lib/gcc/avr/4.3.3/avr5\libgcc.a(_gt_sf.o)
 .debug_abbrev  0x000007d2      0x15a c:/winavr-20100110/bin/../lib/gcc/avr/4.3.3/avr5\libgcc.a(_ge_sf.o)
 .debug_abbrev  0x0000092c      0x15a c:/winavr-20100110/bin/../lib/gcc/avr/4.3.3/avr5\libgcc.a(_lt_sf.o)
 .debug_abbrev  0x00000a86      0x17f c:/winavr-20100110/bin/../lib/gcc/avr/4.3.3/avr5\libgcc.a(_sf_to_si.o)
 .debug_abbrev  0x00000c05       0xad c:/winavr-20100110/bin/../lib/gcc/avr/4.3.3/avr5\libgcc.a(_thenan_sf.o)
 .debug_abbrev  0x00000cb2      0x157 c:/winavr-20100110/bin/../lib/gcc/avr/4.3.3/avr5\libgcc.a(_usi_to_sf.o)
 .debug_abbrev  0x00000e09       0xc4 c:/winavr-20100110/bin/../lib/gcc/avr/4.3.3/avr5\libgcc.a(_clzsi2.o)
 .debug_abbrev  0x00000ecd      0x1c0 c:/winavr-20100110/bin/../lib/gcc/avr/4.3.3/avr5\libgcc.a(_pack_sf.o)
 .debug_abbrev  0x0000108d      0x154 c:/winavr-20100110/bin/../lib/gcc/avr/4.3.3/avr5\libgcc.a(_unpack_sf.o)
 .debug_abbrev  0x000011e1      0x13b c:/winavr-20100110/bin/../lib/gcc/avr/4.3.3/avr5\libgcc.a(_fpcmp_parts_sf.o)
 .debug_abbrev  0x0000131c       0x6a c:/winavr-20100110/bin/../lib/gcc/avr/4.3.3/avr5\libgcc.a(_clz.o)

.debug_line     0x00000000     0x11d6
 *(.debug_line)
 .debug_line    0x00000000       0xa7 c:/winavr-20100110/bin/../lib/gcc/avr/4.3.3/avr5\libgcc.a(_fixunssfsi.o)
 .debug_line    0x000000a7      0x2af c:/winavr-20100110/bin/../lib/gcc/avr/4.3.3/avr5\libgcc.a(_addsub_sf.o)
 .debug_line    0x00000356      0x239 c:/winavr-20100110/bin/../lib/gcc/avr/4.3.3/avr5\libgcc.a(_mul_sf.o)
 .debug_line    0x0000058f      0x1d5 c:/winavr-20100110/bin/../lib/gcc/avr/4.3.3/avr5\libgcc.a(_div_sf.o)
 .debug_line    0x00000764       0xd3 c:/winavr-20100110/bin/../lib/gcc/avr/4.3.3/avr5\libgcc.a(_gt_sf.o)
 .debug_line    0x00000837       0xd3 c:/winavr-20100110/bin/../lib/gcc/avr/4.3.3/avr5\libgcc.a(_ge_sf.o)
 .debug_line    0x0000090a       0xd3 c:/winavr-20100110/bin/../lib/gcc/avr/4.3.3/avr5\libgcc.a(_lt_sf.o)
 .debug_line    0x000009dd      0x109 c:/winavr-20100110/bin/../lib/gcc/avr/4.3.3/avr5\libgcc.a(_sf_to_si.o)
 .debug_line    0x00000ae6       0x90 c:/winavr-20100110/bin/../lib/gcc/avr/4.3.3/avr5\libgcc.a(_thenan_sf.o)
 .debug_line    0x00000b76      0x133 c:/winavr-20100110/bin/../lib/gcc/avr/4.3.3/avr5\libgcc.a(_usi_to_sf.o)
 .debug_line    0x00000ca9       0xa5 c:/winavr-20100110/bin/../lib/gcc/avr/4.3.3/avr5\libgcc.a(_clzsi2.o)
 .debug_line    0x00000d4e      0x18a c:/winavr-20100110/bin/../lib/gcc/avr/4.3.3/avr5\libgcc.a(_pack_sf.o)
 .debug_line    0x00000ed8      0x14b c:/winavr-20100110/bin/../lib/gcc/avr/4.3.3/avr5\libgcc.a(_unpack_sf.o)
 .debug_line    0x00001023      0x137 c:/winavr-20100110/bin/../lib/gcc/avr/4.3.3/avr5\libgcc.a(_fpcmp_parts_sf.o)
 .debug_line    0x0000115a       0x7c c:/winavr-20100110/bin/../lib/gcc/avr/4.3.3/avr5\libgcc.a(_clz.o)

.debug_frame    0x00000000      0x1c0
 *(.debug_frame)
 .debug_frame   0x00000000       0x20 c:/winavr-20100110/bin/../lib/gcc/avr/4.3.3/avr5\libgcc.a(_fixunssfsi.o)
 .debug_frame   0x00000020       0x40 c:/winavr-20100110/bin/../lib/gcc/avr/4.3.3/avr5\libgcc.a(_addsub_sf.o)
 .debug_frame   0x00000060       0x20 c:/winavr-20100110/bin/../lib/gcc/avr/4.3.3/avr5\libgcc.a(_mul_sf.o)
 .debug_frame   0x00000080       0x20 c:/winavr-20100110/bin/../lib/gcc/avr/4.3.3/avr5\libgcc.a(_div_sf.o)
 .debug_frame   0x000000a0       0x20 c:/winavr-20100110/bin/../lib/gcc/avr/4.3.3/avr5\libgcc.a(_gt_sf.o)
 .debug_frame   0x000000c0       0x20 c:/winavr-20100110/bin/../lib/gcc/avr/4.3.3/avr5\libgcc.a(_ge_sf.o)
 .debug_frame   0x000000e0       0x20 c:/winavr-20100110/bin/../lib/gcc/avr/4.3.3/avr5\libgcc.a(_lt_sf.o)
 .debug_frame   0x00000100       0x20 c:/winavr-20100110/bin/../lib/gcc/avr/4.3.3/avr5\libgcc.a(_sf_to_si.o)
 .debug_frame   0x00000120       0x20 c:/winavr-20100110/bin/../lib/gcc/avr/4.3.3/avr5\libgcc.a(_usi_to_sf.o)
 .debug_frame   0x00000140       0x20 c:/winavr-20100110/bin/../lib/gcc/avr/4.3.3/avr5\libgcc.a(_clzsi2.o)
 .debug_frame   0x00000160       0x20 c:/winavr-20100110/bin/../lib/gcc/avr/4.3.3/avr5\libgcc.a(_pack_sf.o)
 .debug_frame   0x00000180       0x20 c:/winavr-20100110/bin/../lib/gcc/avr/4.3.3/avr5\libgcc.a(_unpack_sf.o)
 .debug_frame   0x000001a0       0x20 c:/winavr-20100110/bin/../lib/gcc/avr/4.3.3/avr5\libgcc.a(_fpcmp_parts_sf.o)

.debug_str      0x00000000      0x2f6
 *(.debug_str)
 .debug_str     0x00000000       0xbf c:/winavr-20100110/bin/../lib/gcc/avr/4.3.3/avr5\libgcc.a(_fixunssfsi.o)
                                 0xfe (size before relaxing)
 .debug_str     0x000000bf      0x14d c:/winavr-20100110/bin/../lib/gcc/avr/4.3.3/avr5\libgcc.a(_addsub_sf.o)
                                0x206 (size before relaxing)
 .debug_str     0x0000020c       0x27 c:/winavr-20100110/bin/../lib/gcc/avr/4.3.3/avr5\libgcc.a(_mul_sf.o)
                                0x1bf (size before relaxing)
 .debug_str     0x00000233       0x35 c:/winavr-20100110/bin/../lib/gcc/avr/4.3.3/avr5\libgcc.a(_div_sf.o)
                                0x1c8 (size before relaxing)
 .debug_str     0x00000268        0x8 c:/winavr-20100110/bin/../lib/gcc/avr/4.3.3/avr5\libgcc.a(_gt_sf.o)
                                0x195 (size before relaxing)
 .debug_str     0x00000270        0x8 c:/winavr-20100110/bin/../lib/gcc/avr/4.3.3/avr5\libgcc.a(_ge_sf.o)
                                0x195 (size before relaxing)
 .debug_str     0x00000278        0x8 c:/winavr-20100110/bin/../lib/gcc/avr/4.3.3/avr5\libgcc.a(_lt_sf.o)
                                0x195 (size before relaxing)
 .debug_str     0x00000280        0xa c:/winavr-20100110/bin/../lib/gcc/avr/4.3.3/avr5\libgcc.a(_sf_to_si.o)
                                0x19e (size before relaxing)
 .debug_str     0x00000000      0x103 c:/winavr-20100110/bin/../lib/gcc/avr/4.3.3/avr5\libgcc.a(_thenan_sf.o)
 .debug_str     0x0000028a       0x21 c:/winavr-20100110/bin/../lib/gcc/avr/4.3.3/avr5\libgcc.a(_usi_to_sf.o)
                                0x177 (size before relaxing)
 .debug_str     0x000002ab       0x20 c:/winavr-20100110/bin/../lib/gcc/avr/4.3.3/avr5\libgcc.a(_clzsi2.o)
                                0x111 (size before relaxing)
 .debug_str     0x000002cb       0x10 c:/winavr-20100110/bin/../lib/gcc/avr/4.3.3/avr5\libgcc.a(_pack_sf.o)
                                0x19d (size before relaxing)
 .debug_str     0x000002db        0xb c:/winavr-20100110/bin/../lib/gcc/avr/4.3.3/avr5\libgcc.a(_unpack_sf.o)
                                0x17f (size before relaxing)
 .debug_str     0x000002e6       0x10 c:/winavr-20100110/bin/../lib/gcc/avr/4.3.3/avr5\libgcc.a(_fpcmp_parts_sf.o)
                                0x163 (size before relaxing)
 .debug_str     0x00000000       0xf4 c:/winavr-20100110/bin/../lib/gcc/avr/4.3.3/avr5\libgcc.a(_clz.o)

.debug_loc      0x00000000      0x96e
 *(.debug_loc)
 .debug_loc     0x00000000       0x34 c:/winavr-20100110/bin/../lib/gcc/avr/4.3.3/avr5\libgcc.a(_fixunssfsi.o)
 .debug_loc     0x00000034      0x32a c:/winavr-20100110/bin/../lib/gcc/avr/4.3.3/avr5\libgcc.a(_addsub_sf.o)
 .debug_loc     0x0000035e      0x104 c:/winavr-20100110/bin/../lib/gcc/avr/4.3.3/avr5\libgcc.a(_mul_sf.o)
 .debug_loc     0x00000462       0xc0 c:/winavr-20100110/bin/../lib/gcc/avr/4.3.3/avr5\libgcc.a(_div_sf.o)
 .debug_loc     0x00000522       0x3c c:/winavr-20100110/bin/../lib/gcc/avr/4.3.3/avr5\libgcc.a(_gt_sf.o)
 .debug_loc     0x0000055e       0x3c c:/winavr-20100110/bin/../lib/gcc/avr/4.3.3/avr5\libgcc.a(_ge_sf.o)
 .debug_loc     0x0000059a       0x3c c:/winavr-20100110/bin/../lib/gcc/avr/4.3.3/avr5\libgcc.a(_lt_sf.o)
 .debug_loc     0x000005d6       0x7e c:/winavr-20100110/bin/../lib/gcc/avr/4.3.3/avr5\libgcc.a(_sf_to_si.o)
 .debug_loc     0x00000654       0x4c c:/winavr-20100110/bin/../lib/gcc/avr/4.3.3/avr5\libgcc.a(_usi_to_sf.o)
 .debug_loc     0x000006a0       0x94 c:/winavr-20100110/bin/../lib/gcc/avr/4.3.3/avr5\libgcc.a(_clzsi2.o)
 .debug_loc     0x00000734      0x13e c:/winavr-20100110/bin/../lib/gcc/avr/4.3.3/avr5\libgcc.a(_pack_sf.o)
 .debug_loc     0x00000872       0xac c:/winavr-20100110/bin/../lib/gcc/avr/4.3.3/avr5\libgcc.a(_unpack_sf.o)
 .debug_loc     0x0000091e       0x50 c:/winavr-20100110/bin/../lib/gcc/avr/4.3.3/avr5\libgcc.a(_fpcmp_parts_sf.o)

.debug_macinfo
 *(.debug_macinfo)
OUTPUT(GRAD_Project.elf elf32-avr)
LOAD linker stubs

.debug_ranges   0x00000000       0x50
 .debug_ranges  0x00000000       0x50 c:/winavr-20100110/bin/../lib/gcc/avr/4.3.3/avr5\libgcc.a(_mul_sf.o)
